[2026-08-11 15:03:32.915] [INFO ] [background-preinit] org.hibernate.validator.internal.util.Version HV000001: Hibernate Validator 8.0.3.Final
[2026-08-11 15:03:32.947] [INFO ] [restartedMain] com.medishare.api.MedishareBackApplication Starting MedishareBackApplication using Java 25.0.2 with PID 9656 (D:\2402180YJW\workspace\disaster\Medishare\medishare_back\target\classes started by User in D:\2402180YJW\workspace\disaster\Medishare\medishare_back)
[2026-08-11 15:03:32.948] [INFO ] [restartedMain] com.medishare.api.MedishareBackApplication No active profile set, falling back to 1 default profile: "default"
[2026-08-11 15:03:32.975] [INFO ] [restartedMain] org.springframework.boot.devtools.env.DevToolsPropertyDefaultsPostProcessor Devtools property defaults active! Set 'spring.devtools.add-properties' to 'false' to disable
[2026-08-11 15:03:32.976] [INFO ] [restartedMain] org.springframework.boot.devtools.env.DevToolsPropertyDefaultsPostProcessor For additional web related logging consider setting the 'logging.level.web' property to 'DEBUG'
[2026-08-11 15:03:33.644] [INFO ] [restartedMain] org.springframework.data.repository.config.RepositoryConfigurationDelegate Bootstrapping Spring Data JPA repositories in DEFAULT mode.
[2026-08-11 15:03:33.768] [INFO ] [restartedMain] org.springframework.data.repository.config.RepositoryConfigurationDelegate Finished Spring Data repository scanning in 118 ms. Found 5 JPA repository interfaces.
[2026-08-11 15:03:34.282] [INFO ] [restartedMain] org.springframework.boot.web.embedded.tomcat.TomcatWebServer Tomcat initialized with port 80 (http)
[2026-08-11 15:03:34.294] [INFO ] [restartedMain] org.apache.coyote.http11.Http11NioProtocol Initializing ProtocolHandler ["http-nio-80"]
[2026-08-11 15:03:34.295] [INFO ] [restartedMain] org.apache.catalina.core.StandardService Starting service [Tomcat]
[2026-08-11 15:03:34.295] [INFO ] [restartedMain] org.apache.catalina.core.StandardEngine Starting Servlet engine: [Apache Tomcat/10.1.55]
[2026-08-11 15:03:34.342] [INFO ] [restartedMain] org.apache.catalina.core.ContainerBase.[Tomcat].[localhost].[/] Initializing Spring embedded WebApplicationContext
[2026-08-11 15:03:34.343] [INFO ] [restartedMain] org.springframework.boot.web.servlet.context.ServletWebServerApplicationContext Root WebApplicationContext: initialization completed in 1366 ms
[2026-08-11 15:03:34.482] [INFO ] [restartedMain] org.hibernate.jpa.internal.util.LogHelper HHH000204: Processing PersistenceUnitInfo [name: default]
[2026-08-11 15:03:34.523] [INFO ] [restartedMain] org.hibernate.Version HHH000412: Hibernate ORM core version 6.6.53.Final
[2026-08-11 15:03:34.545] [INFO ] [restartedMain] org.hibernate.cache.internal.RegionFactoryInitiator HHH000026: Second-level cache disabled
[2026-08-11 15:03:34.715] [INFO ] [restartedMain] org.springframework.orm.jpa.persistenceunit.SpringPersistenceUnitInfo No LoadTimeWeaver setup: ignoring JPA class transformer
[2026-08-11 15:03:34.735] [INFO ] [restartedMain] com.zaxxer.hikari.HikariDataSource HikariPool-1 - Starting...
[2026-08-11 15:03:34.790] [INFO ] [restartedMain] com.zaxxer.hikari.pool.HikariPool HikariPool-1 - Added connection org.mariadb.jdbc.Connection@4b33af5f
[2026-08-11 15:03:34.791] [INFO ] [restartedMain] com.zaxxer.hikari.HikariDataSource HikariPool-1 - Start completed.
[2026-08-11 15:03:34.831] [INFO ] [restartedMain] org.hibernate.orm.connections.pooling HHH10001005: Database info:
	Database JDBC URL [Connecting through datasource 'HikariDataSource (HikariPool-1)']
	Database driver: undefined/unknown
	Database version: 10.6.27
	Autocommit mode: undefined/unknown
	Isolation level: undefined/unknown
	Minimum pool size: undefined/unknown
	Maximum pool size: undefined/unknown
[2026-08-11 15:03:35.430] [INFO ] [restartedMain] org.hibernate.engine.transaction.jta.platform.internal.JtaPlatformInitiator HHH000489: No JTA platform available (set 'hibernate.transaction.jta.platform' to enable JTA platform integration)
[2026-08-11 15:03:35.432] [INFO ] [restartedMain] org.springframework.orm.jpa.LocalContainerEntityManagerFactoryBean Initialized JPA EntityManagerFactory for persistence unit 'default'
[2026-08-11 15:03:35.513] [WARN ] [restartedMain] org.springframework.boot.web.servlet.context.AnnotationConfigServletWebServerApplicationContext Exception encountered during context initialization - cancelling refresh attempt: org.springframework.beans.factory.UnsatisfiedDependencyException: Error creating bean with name 'jwtTokenProvider' defined in file [D:\2402180YJW\workspace\disaster\Medishare\medishare_back\target\classes\com\medishare\api\config\security\JwtTokenProvider.class]: Unsatisfied dependency expressed through constructor parameter 0: Error creating bean with name 'memberDetailsServiceImpl' defined in file [D:\2402180YJW\workspace\disaster\Medishare\medishare_back\target\classes\com\medishare\api\member\service\MemberDetailsServiceImpl.class]: Unsatisfied dependency expressed through constructor parameter 0: Error creating bean with name 'QMemberRepository' defined in com.medishare.api.member.repository.QMemberRepository defined in @EnableJpaRepositories declared on JpaRepositoriesRegistrar.EnableJpaRepositoriesConfiguration: Did not find a query class com.medishare.api.member.entity.QMember for domain class com.medishare.api.member.entity.Member
[2026-08-11 15:03:35.513] [INFO ] [restartedMain] org.springframework.orm.jpa.LocalContainerEntityManagerFactoryBean Closing JPA EntityManagerFactory for persistence unit 'default'
[2026-08-11 15:03:35.515] [INFO ] [restartedMain] com.zaxxer.hikari.HikariDataSource HikariPool-1 - Shutdown initiated...
[2026-08-11 15:03:35.526] [INFO ] [restartedMain] com.zaxxer.hikari.HikariDataSource HikariPool-1 - Shutdown completed.
[2026-08-11 15:03:35.527] [INFO ] [restartedMain] org.apache.catalina.core.StandardService Stopping service [Tomcat]
[2026-08-11 15:03:35.537] [INFO ] [restartedMain] org.springframework.boot.autoconfigure.logging.ConditionEvaluationReportLogger 

Error starting ApplicationContext. To display the condition evaluation report re-run your application with 'debug' enabled.
[2026-08-11 15:03:35.546] [ERROR] [restartedMain] org.springframework.boot.SpringApplication Application run failed
org.springframework.beans.factory.UnsatisfiedDependencyException: Error creating bean with name 'jwtTokenProvider' defined in file [D:\2402180YJW\workspace\disaster\Medishare\medishare_back\target\classes\com\medishare\api\config\security\JwtTokenProvider.class]: Unsatisfied dependency expressed through constructor parameter 0: Error creating bean with name 'memberDetailsServiceImpl' defined in file [D:\2402180YJW\workspace\disaster\Medishare\medishare_back\target\classes\com\medishare\api\member\service\MemberDetailsServiceImpl.class]: Unsatisfied dependency expressed through constructor parameter 0: Error creating bean with name 'QMemberRepository' defined in com.medishare.api.member.repository.QMemberRepository defined in @EnableJpaRepositories declared on JpaRepositoriesRegistrar.EnableJpaRepositoriesConfiguration: Did not find a query class com.medishare.api.member.entity.QMember for domain class com.medishare.api.member.entity.Member
	at org.springframework.beans.factory.support.ConstructorResolver.createArgumentArray(ConstructorResolver.java:804)
	at org.springframework.beans.factory.support.ConstructorResolver.autowireConstructor(ConstructorResolver.java:240)
	at org.springframework.beans.factory.support.AbstractAutowireCapableBeanFactory.autowireConstructor(AbstractAutowireCapableBeanFactory.java:1393)
	at org.springframework.beans.factory.support.AbstractAutowireCapableBeanFactory.createBeanInstance(AbstractAutowireCapableBeanFactory.java:1230)
	at org.springframework.beans.factory.support.AbstractAutowireCapableBeanFactory.doCreateBean(AbstractAutowireCapableBeanFactory.java:569)
	at org.springframework.beans.factory.support.AbstractAutowireCapableBeanFactory.createBean(AbstractAutowireCapableBeanFactory.java:529)
	at org.springframework.beans.factory.support.AbstractBeanFactory.lambda$doGetBean$0(AbstractBeanFactory.java:339)
	at org.springframework.beans.factory.support.DefaultSingletonBeanRegistry.getSingleton(DefaultSingletonBeanRegistry.java:373)
	at org.springframework.beans.factory.support.AbstractBeanFactory.doGetBean(AbstractBeanFactory.java:337)
	at org.springframework.beans.factory.support.AbstractBeanFactory.getBean(AbstractBeanFactory.java:202)
	at org.springframework.beans.factory.support.DefaultListableBeanFactory.instantiateSingleton(DefaultListableBeanFactory.java:1235)
	at org.springframework.beans.factory.support.DefaultListableBeanFactory.preInstantiateSingleton(DefaultListableBeanFactory.java:1201)
	at org.springframework.beans.factory.support.DefaultListableBeanFactory.preInstantiateSingletons(DefaultListableBeanFactory.java:1130)
	at org.springframework.context.support.AbstractApplicationContext.finishBeanFactoryInitialization(AbstractApplicationContext.java:991)
	at org.springframework.context.support.AbstractApplicationContext.refresh(AbstractApplicationContext.java:628)
	at org.springframework.boot.web.servlet.context.ServletWebServerApplicationContext.refresh(ServletWebServerApplicationContext.java:146)
	at org.springframework.boot.SpringApplication.refresh(SpringApplication.java:752)
	at org.springframework.boot.SpringApplication.refreshContext(SpringApplication.java:439)
	at org.springframework.boot.SpringApplication.run(SpringApplication.java:318)
	at org.springframework.boot.SpringApplication.run(SpringApplication.java:1361)
	at org.springframework.boot.SpringApplication.run(SpringApplication.java:1350)
	at com.medishare.api.MedishareBackApplication.main(MedishareBackApplication.java:10)
	at java.base/jdk.internal.reflect.DirectMethodHandleAccessor.invoke(DirectMethodHandleAccessor.java:104)
	at java.base/java.lang.reflect.Method.invoke(Method.java:565)
	at org.springframework.boot.devtools.restart.RestartLauncher.run(RestartLauncher.java:50)
Caused by: org.springframework.beans.factory.UnsatisfiedDependencyException: Error creating bean with name 'memberDetailsServiceImpl' defined in file [D:\2402180YJW\workspace\disaster\Medishare\medishare_back\target\classes\com\medishare\api\member\service\MemberDetailsServiceImpl.class]: Unsatisfied dependency expressed through constructor parameter 0: Error creating bean with name 'QMemberRepository' defined in com.medishare.api.member.repository.QMemberRepository defined in @EnableJpaRepositories declared on JpaRepositoriesRegistrar.EnableJpaRepositoriesConfiguration: Did not find a query class com.medishare.api.member.entity.QMember for domain class com.medishare.api.member.entity.Member
	at org.springframework.beans.factory.support.ConstructorResolver.createArgumentArray(ConstructorResolver.java:804)
	at org.springframework.beans.factory.support.ConstructorResolver.autowireConstructor(ConstructorResolver.java:240)
	at org.springframework.beans.factory.support.AbstractAutowireCapableBeanFactory.autowireConstructor(AbstractAutowireCapableBeanFactory.java:1393)
	at org.springframework.beans.factory.support.AbstractAutowireCapableBeanFactory.createBeanInstance(AbstractAutowireCapableBeanFactory.java:1230)
	at org.springframework.beans.factory.support.AbstractAutowireCapableBeanFactory.doCreateBean(AbstractAutowireCapableBeanFactory.java:569)
	at org.springframework.beans.factory.support.AbstractAutowireCapableBeanFactory.createBean(AbstractAutowireCapableBeanFactory.java:529)
	at org.springframework.beans.factory.support.AbstractBeanFactory.lambda$doGetBean$0(AbstractBeanFactory.java:339)
	at org.springframework.beans.factory.support.DefaultSingletonBeanRegistry.getSingleton(DefaultSingletonBeanRegistry.java:373)
	at org.springframework.beans.factory.support.AbstractBeanFactory.doGetBean(AbstractBeanFactory.java:337)
	at org.springframework.beans.factory.support.AbstractBeanFactory.getBean(AbstractBeanFactory.java:202)
	at org.springframework.beans.factory.config.DependencyDescriptor.resolveCandidate(DependencyDescriptor.java:254)
	at org.springframework.beans.factory.support.DefaultListableBeanFactory.doResolveDependency(DefaultListableBeanFactory.java:1777)
	at org.springframework.beans.factory.support.DefaultListableBeanFactory.resolveDependency(DefaultListableBeanFactory.java:1660)
	at org.springframework.beans.factory.support.ConstructorResolver.resolveAutowiredArgument(ConstructorResolver.java:913)
	at org.springframework.beans.factory.support.ConstructorResolver.createArgumentArray(ConstructorResolver.java:791)
	... 24 common frames omitted
Caused by: org.springframework.beans.factory.BeanCreationException: Error creating bean with name 'QMemberRepository' defined in com.medishare.api.member.repository.QMemberRepository defined in @EnableJpaRepositories declared on JpaRepositoriesRegistrar.EnableJpaRepositoriesConfiguration: Did not find a query class com.medishare.api.member.entity.QMember for domain class com.medishare.api.member.entity.Member
	at org.springframework.beans.factory.support.AbstractAutowireCapableBeanFactory.initializeBean(AbstractAutowireCapableBeanFactory.java:1824)
	at org.springframework.beans.factory.support.AbstractAutowireCapableBeanFactory.doCreateBean(AbstractAutowireCapableBeanFactory.java:607)
	at org.springframework.beans.factory.support.AbstractAutowireCapableBeanFactory.createBean(AbstractAutowireCapableBeanFactory.java:529)
	at org.springframework.beans.factory.support.AbstractBeanFactory.lambda$doGetBean$0(AbstractBeanFactory.java:339)
	at org.springframework.beans.factory.support.DefaultSingletonBeanRegistry.getSingleton(DefaultSingletonBeanRegistry.java:373)
	at org.springframework.beans.factory.support.AbstractBeanFactory.doGetBean(AbstractBeanFactory.java:337)
	at org.springframework.beans.factory.support.AbstractBeanFactory.getBean(AbstractBeanFactory.java:202)
	at org.springframework.beans.factory.config.DependencyDescriptor.resolveCandidate(DependencyDescriptor.java:254)
	at org.springframework.beans.factory.support.DefaultListableBeanFactory.doResolveDependency(DefaultListableBeanFactory.java:1777)
	at org.springframework.beans.factory.support.DefaultListableBeanFactory.resolveDependency(DefaultListableBeanFactory.java:1660)
	at org.springframework.beans.factory.support.ConstructorResolver.resolveAutowiredArgument(ConstructorResolver.java:913)
	at org.springframework.beans.factory.support.ConstructorResolver.createArgumentArray(ConstructorResolver.java:791)
	... 38 common frames omitted
Caused by: java.lang.IllegalArgumentException: Did not find a query class com.medishare.api.member.entity.QMember for domain class com.medishare.api.member.entity.Member
	at org.springframework.data.querydsl.SimpleEntityPathResolver.createPath(SimpleEntityPathResolver.java:79)
	at org.springframework.data.jpa.repository.support.QuerydslJpaPredicateExecutor.<init>(QuerydslJpaPredicateExecutor.java:107)
	at org.springframework.data.jpa.repository.support.JpaRepositoryFactory.getRepositoryFragments(JpaRepositoryFactory.java:286)
	at org.springframework.data.jpa.repository.support.JpaRepositoryFactory.getRepositoryFragments(JpaRepositoryFactory.java:257)
	at org.springframework.data.repository.core.support.RepositoryFactorySupport.lambda$getRepositoryStub$4(RepositoryFactorySupport.java:506)
	at java.base/java.util.HashMap.computeIfAbsent(HashMap.java:1229)
	at org.springframework.data.repository.core.support.RepositoryFactorySupport.getRepositoryStub(RepositoryFactorySupport.java:503)
	at org.springframework.data.repository.core.support.RepositoryFactorySupport.getRepository(RepositoryFactorySupport.java:355)
	at org.springframework.data.repository.core.support.RepositoryFactoryBeanSupport.lambda$afterPropertiesSet$4(RepositoryFactoryBeanSupport.java:355)
	at org.springframework.data.util.Lazy.getNullable(Lazy.java:135)
	at org.springframework.data.util.Lazy.get(Lazy.java:113)
	at org.springframework.data.repository.core.support.RepositoryFactoryBeanSupport.afterPropertiesSet(RepositoryFactoryBeanSupport.java:361)
	at org.springframework.data.jpa.repository.support.JpaRepositoryFactoryBean.afterPropertiesSet(JpaRepositoryFactoryBean.java:132)
	at org.springframework.beans.factory.support.AbstractAutowireCapableBeanFactory.invokeInitMethods(AbstractAutowireCapableBeanFactory.java:1871)
	at org.springframework.beans.factory.support.AbstractAutowireCapableBeanFactory.initializeBean(AbstractAutowireCapableBeanFactory.java:1820)
	... 49 common frames omitted
Caused by: java.lang.ClassNotFoundException: com.medishare.api.member.entity.QMember
	at java.base/jdk.internal.loader.BuiltinClassLoader.loadClass(BuiltinClassLoader.java:580)
	at java.base/java.lang.ClassLoader.loadClass(ClassLoader.java:490)
	at java.base/java.lang.Class.forName0(Native Method)
	at java.base/java.lang.Class.forName(Class.java:547)
	at org.springframework.boot.devtools.restart.classloader.RestartClassLoader.loadClass(RestartClassLoader.java:121)
	at java.base/java.lang.ClassLoader.loadClass(ClassLoader.java:490)
	at java.base/java.lang.Class.forName0(Native Method)
	at java.base/java.lang.Class.forName(Class.java:547)
	at org.springframework.util.ClassUtils.forName(ClassUtils.java:321)
	at org.springframework.data.querydsl.SimpleEntityPathResolver.createPath(SimpleEntityPathResolver.java:72)
	... 63 common frames omitted
[2026-08-11 15:09:59.836] [INFO ] [background-preinit] org.hibernate.validator.internal.util.Version HV000001: Hibernate Validator 8.0.3.Final
[2026-08-11 15:09:59.858] [INFO ] [restartedMain] com.medishare.api.MedishareBackApplication Starting MedishareBackApplication using Java 25.0.2 with PID 22112 (D:\2402180YJW\workspace\disaster\Medishare\medishare_back\target\classes started by User in D:\2402180YJW\workspace\disaster\Medishare\medishare_back)
[2026-08-11 15:09:59.858] [INFO ] [restartedMain] com.medishare.api.MedishareBackApplication No active profile set, falling back to 1 default profile: "default"
[2026-08-11 15:09:59.880] [INFO ] [restartedMain] org.springframework.boot.devtools.env.DevToolsPropertyDefaultsPostProcessor Devtools property defaults active! Set 'spring.devtools.add-properties' to 'false' to disable
[2026-08-11 15:09:59.880] [INFO ] [restartedMain] org.springframework.boot.devtools.env.DevToolsPropertyDefaultsPostProcessor For additional web related logging consider setting the 'logging.level.web' property to 'DEBUG'
[2026-08-11 15:10:00.425] [INFO ] [restartedMain] org.springframework.data.repository.config.RepositoryConfigurationDelegate Bootstrapping Spring Data JPA repositories in DEFAULT mode.
[2026-08-11 15:10:00.508] [INFO ] [restartedMain] org.springframework.data.repository.config.RepositoryConfigurationDelegate Finished Spring Data repository scanning in 79 ms. Found 5 JPA repository interfaces.
[2026-08-11 15:10:00.912] [INFO ] [restartedMain] org.springframework.boot.web.embedded.tomcat.TomcatWebServer Tomcat initialized with port 80 (http)
[2026-08-11 15:10:00.920] [INFO ] [restartedMain] org.apache.coyote.http11.Http11NioProtocol Initializing ProtocolHandler ["http-nio-80"]
[2026-08-11 15:10:00.921] [INFO ] [restartedMain] org.apache.catalina.core.StandardService Starting service [Tomcat]
[2026-08-11 15:10:00.921] [INFO ] [restartedMain] org.apache.catalina.core.StandardEngine Starting Servlet engine: [Apache Tomcat/10.1.55]
[2026-08-11 15:10:00.959] [INFO ] [restartedMain] org.apache.catalina.core.ContainerBase.[Tomcat].[localhost].[/] Initializing Spring embedded WebApplicationContext
[2026-08-11 15:10:00.959] [INFO ] [restartedMain] org.springframework.boot.web.servlet.context.ServletWebServerApplicationContext Root WebApplicationContext: initialization completed in 1079 ms
[2026-08-11 15:10:01.079] [INFO ] [restartedMain] org.hibernate.jpa.internal.util.LogHelper HHH000204: Processing PersistenceUnitInfo [name: default]
[2026-08-11 15:10:01.100] [INFO ] [restartedMain] org.hibernate.Version HHH000412: Hibernate ORM core version 6.6.53.Final
[2026-08-11 15:10:01.114] [INFO ] [restartedMain] org.hibernate.cache.internal.RegionFactoryInitiator HHH000026: Second-level cache disabled
[2026-08-11 15:10:01.247] [INFO ] [restartedMain] org.springframework.orm.jpa.persistenceunit.SpringPersistenceUnitInfo No LoadTimeWeaver setup: ignoring JPA class transformer
[2026-08-11 15:10:01.261] [INFO ] [restartedMain] com.zaxxer.hikari.HikariDataSource HikariPool-1 - Starting...
[2026-08-11 15:10:01.315] [INFO ] [restartedMain] com.zaxxer.hikari.pool.HikariPool HikariPool-1 - Added connection org.mariadb.jdbc.Connection@7f87ba13
[2026-08-11 15:10:01.317] [INFO ] [restartedMain] com.zaxxer.hikari.HikariDataSource HikariPool-1 - Start completed.
[2026-08-11 15:10:01.349] [INFO ] [restartedMain] org.hibernate.orm.connections.pooling HHH10001005: Database info:
	Database JDBC URL [Connecting through datasource 'HikariDataSource (HikariPool-1)']
	Database driver: undefined/unknown
	Database version: 10.6.27
	Autocommit mode: undefined/unknown
	Isolation level: undefined/unknown
	Minimum pool size: undefined/unknown
	Maximum pool size: undefined/unknown
[2026-08-11 15:10:01.862] [INFO ] [restartedMain] org.hibernate.engine.transaction.jta.platform.internal.JtaPlatformInitiator HHH000489: No JTA platform available (set 'hibernate.transaction.jta.platform' to enable JTA platform integration)
[2026-08-11 15:10:01.865] [INFO ] [restartedMain] org.springframework.orm.jpa.LocalContainerEntityManagerFactoryBean Initialized JPA EntityManagerFactory for persistence unit 'default'
[2026-08-11 15:10:02.000] [INFO ] [restartedMain] com.medishare.api.config.security.JwtTokenProvider [init] JwtTokenProvider 내 secretKey 이용 key 초기화 시작
[2026-08-11 15:10:02.002] [INFO ] [restartedMain] com.medishare.api.config.security.JwtTokenProvider [init] JwtTokenProvider 내 secretKey 이용 key 초기화 초기화 완료
[2026-08-11 15:10:02.258] [INFO ] [restartedMain] org.springframework.data.jpa.repository.query.QueryEnhancerFactory Hibernate is in classpath; If applicable, HQL parser will be used.
[2026-08-11 15:10:02.551] [WARN ] [restartedMain] org.springframework.boot.autoconfigure.orm.jpa.JpaBaseConfiguration$JpaWebConfiguration spring.jpa.open-in-view is enabled by default. Therefore, database queries may be performed during view rendering. Explicitly configure spring.jpa.open-in-view to disable this warning
[2026-08-11 15:10:02.568] [WARN ] [restartedMain] org.springframework.boot.autoconfigure.security.servlet.UserDetailsServiceAutoConfiguration 

Using generated security password: b2e517d9-f7ac-4530-b303-f8c3e15e9180

This generated password is for development use only. Your security configuration must be updated before running your application in production.

[2026-08-11 15:10:02.572] [INFO ] [restartedMain] org.springframework.security.config.annotation.authentication.configuration.InitializeUserDetailsBeanManagerConfigurer$InitializeUserDetailsManagerConfigurer Global AuthenticationManager configured with UserDetailsService bean with name inMemoryUserDetailsManager
[2026-08-11 15:10:02.695] [INFO ] [restartedMain] com.medishare.api.config.WebConfig [addResourceHandlers] image URI 폴더 추가 ------
[2026-08-11 15:10:02.747] [INFO ] [restartedMain] org.springframework.boot.actuate.endpoint.web.EndpointLinksResolver Exposing 1 endpoint beneath base path '/actuator'
[2026-08-11 15:10:02.764] [WARN ] [restartedMain] org.springframework.security.config.annotation.web.configurers.AuthorizeHttpRequestsConfigurer$AuthorizationManagerRequestMatcherRegistry One of the patterns in [**exception**] is missing a leading slash. This is discouraged; please include the leading slash in all your request matcher patterns. In future versions of Spring Security, leaving out the leading slash will result in an exception.
[2026-08-11 15:10:02.999] [INFO ] [restartedMain] org.springframework.boot.devtools.autoconfigure.OptionalLiveReloadServer LiveReload server is running on port 35729
[2026-08-11 15:10:03.029] [INFO ] [restartedMain] org.apache.coyote.http11.Http11NioProtocol Starting ProtocolHandler ["http-nio-80"]
[2026-08-11 15:10:03.039] [INFO ] [restartedMain] org.springframework.boot.web.embedded.tomcat.TomcatWebServer Tomcat started on port 80 (http) with context path '/'
[2026-08-11 15:10:03.047] [INFO ] [restartedMain] com.medishare.api.MedishareBackApplication Started MedishareBackApplication in 3.458 seconds (process running for 3.805)
[2026-08-11 15:10:03.094] [WARN ] [restartedMain] org.springdoc.core.events.SpringDocAppInitializer SpringDoc /v3/api-docs endpoint is enabled by default. To disable it in production, set the property 'springdoc.api-docs.enabled=false'
[2026-08-11 15:10:03.094] [WARN ] [restartedMain] org.springdoc.core.events.SpringDocAppInitializer SpringDoc /swagger-ui.html endpoint is enabled by default. To disable it in production, set the property 'springdoc.swagger-ui.enabled=false'
[2026-08-11 15:10:52.299] [INFO ] [http-nio-80-exec-1] org.apache.catalina.core.ContainerBase.[Tomcat].[localhost].[/] Initializing Spring DispatcherServlet 'dispatcherServlet'
[2026-08-11 15:10:52.299] [INFO ] [http-nio-80-exec-1] org.springframework.web.servlet.DispatcherServlet Initializing Servlet 'dispatcherServlet'
[2026-08-11 15:10:52.301] [INFO ] [http-nio-80-exec-1] org.springframework.web.servlet.DispatcherServlet Completed initialization in 1 ms
[2026-08-11 15:10:52.319] [INFO ] [http-nio-80-exec-1] com.medishare.api.config.security.JwtTokenProvider [resolveToken] Http 헤더에서 Token 값을 추출
[2026-08-11 15:10:52.322] [INFO ] [http-nio-80-exec-1] com.medishare.api.config.security.JwtAuthenticationFilter [doFilterInternal] token 값 추출 완료. token : null
[2026-08-11 15:10:52.322] [INFO ] [http-nio-80-exec-1] com.medishare.api.config.security.JwtAuthenticationFilter [doFilterInternal] token 값 유효성 체크 시작
[2026-08-11 15:10:52.322] [INFO ] [http-nio-80-exec-1] com.medishare.api.config.security.JwtAuthenticationFilter [doFilterInternal] token 값 유효성 체크 완료
[2026-08-11 15:10:52.344] [INFO ] [http-nio-80-exec-2] com.medishare.api.config.security.JwtTokenProvider [resolveToken] Http 헤더에서 Token 값을 추출
[2026-08-11 15:10:52.344] [INFO ] [http-nio-80-exec-4] com.medishare.api.config.security.JwtTokenProvider [resolveToken] Http 헤더에서 Token 값을 추출
[2026-08-11 15:10:52.344] [INFO ] [http-nio-80-exec-3] com.medishare.api.config.security.JwtTokenProvider [resolveToken] Http 헤더에서 Token 값을 추출
[2026-08-11 15:10:52.345] [INFO ] [http-nio-80-exec-2] com.medishare.api.config.security.JwtAuthenticationFilter [doFilterInternal] token 값 추출 완료. token : null
[2026-08-11 15:10:52.345] [INFO ] [http-nio-80-exec-3] com.medishare.api.config.security.JwtAuthenticationFilter [doFilterInternal] token 값 추출 완료. token : null
[2026-08-11 15:10:52.345] [INFO ] [http-nio-80-exec-4] com.medishare.api.config.security.JwtAuthenticationFilter [doFilterInternal] token 값 추출 완료. token : null
[2026-08-11 15:10:52.345] [INFO ] [http-nio-80-exec-3] com.medishare.api.config.security.JwtAuthenticationFilter [doFilterInternal] token 값 유효성 체크 시작
[2026-08-11 15:10:52.345] [INFO ] [http-nio-80-exec-3] com.medishare.api.config.security.JwtAuthenticationFilter [doFilterInternal] token 값 유효성 체크 완료
[2026-08-11 15:10:52.345] [INFO ] [http-nio-80-exec-2] com.medishare.api.config.security.JwtAuthenticationFilter [doFilterInternal] token 값 유효성 체크 시작
[2026-08-11 15:10:52.345] [INFO ] [http-nio-80-exec-4] com.medishare.api.config.security.JwtAuthenticationFilter [doFilterInternal] token 값 유효성 체크 시작
[2026-08-11 15:10:52.345] [INFO ] [http-nio-80-exec-2] com.medishare.api.config.security.JwtAuthenticationFilter [doFilterInternal] token 값 유효성 체크 완료
[2026-08-11 15:10:52.345] [INFO ] [http-nio-80-exec-4] com.medishare.api.config.security.JwtAuthenticationFilter [doFilterInternal] token 값 유효성 체크 완료
[2026-08-11 15:10:52.346] [INFO ] [http-nio-80-exec-6] com.medishare.api.config.security.JwtTokenProvider [resolveToken] Http 헤더에서 Token 값을 추출
[2026-08-11 15:10:52.346] [INFO ] [http-nio-80-exec-5] com.medishare.api.config.security.JwtTokenProvider [resolveToken] Http 헤더에서 Token 값을 추출
[2026-08-11 15:10:52.346] [INFO ] [http-nio-80-exec-6] com.medishare.api.config.security.JwtAuthenticationFilter [doFilterInternal] token 값 추출 완료. token : null
[2026-08-11 15:10:52.346] [INFO ] [http-nio-80-exec-5] com.medishare.api.config.security.JwtAuthenticationFilter [doFilterInternal] token 값 추출 완료. token : null
[2026-08-11 15:10:52.346] [INFO ] [http-nio-80-exec-6] com.medishare.api.config.security.JwtAuthenticationFilter [doFilterInternal] token 값 유효성 체크 시작
[2026-08-11 15:10:52.346] [INFO ] [http-nio-80-exec-5] com.medishare.api.config.security.JwtAuthenticationFilter [doFilterInternal] token 값 유효성 체크 시작
[2026-08-11 15:10:52.346] [INFO ] [http-nio-80-exec-5] com.medishare.api.config.security.JwtAuthenticationFilter [doFilterInternal] token 값 유효성 체크 완료
[2026-08-11 15:10:52.346] [INFO ] [http-nio-80-exec-6] com.medishare.api.config.security.JwtAuthenticationFilter [doFilterInternal] token 값 유효성 체크 완료
[2026-08-11 15:10:52.429] [INFO ] [http-nio-80-exec-8] com.medishare.api.config.security.JwtTokenProvider [resolveToken] Http 헤더에서 Token 값을 추출
[2026-08-11 15:10:52.429] [INFO ] [http-nio-80-exec-7] com.medishare.api.config.security.JwtTokenProvider [resolveToken] Http 헤더에서 Token 값을 추출
[2026-08-11 15:10:52.430] [INFO ] [http-nio-80-exec-8] com.medishare.api.config.security.JwtAuthenticationFilter [doFilterInternal] token 값 추출 완료. token : null
[2026-08-11 15:10:52.430] [INFO ] [http-nio-80-exec-8] com.medishare.api.config.security.JwtAuthenticationFilter [doFilterInternal] token 값 유효성 체크 시작
[2026-08-11 15:10:52.430] [INFO ] [http-nio-80-exec-7] com.medishare.api.config.security.JwtAuthenticationFilter [doFilterInternal] token 값 추출 완료. token : null
[2026-08-11 15:10:52.430] [INFO ] [http-nio-80-exec-8] com.medishare.api.config.security.JwtAuthenticationFilter [doFilterInternal] token 값 유효성 체크 완료
[2026-08-11 15:10:52.430] [INFO ] [http-nio-80-exec-7] com.medishare.api.config.security.JwtAuthenticationFilter [doFilterInternal] token 값 유효성 체크 시작
[2026-08-11 15:10:52.430] [INFO ] [http-nio-80-exec-7] com.medishare.api.config.security.JwtAuthenticationFilter [doFilterInternal] token 값 유효성 체크 완료
[2026-08-11 15:10:52.463] [INFO ] [http-nio-80-exec-9] com.medishare.api.config.security.JwtTokenProvider [resolveToken] Http 헤더에서 Token 값을 추출
[2026-08-11 15:10:52.463] [INFO ] [http-nio-80-exec-9] com.medishare.api.config.security.JwtAuthenticationFilter [doFilterInternal] token 값 추출 완료. token : null
[2026-08-11 15:10:52.463] [INFO ] [http-nio-80-exec-9] com.medishare.api.config.security.JwtAuthenticationFilter [doFilterInternal] token 값 유효성 체크 시작
[2026-08-11 15:10:52.463] [INFO ] [http-nio-80-exec-9] com.medishare.api.config.security.JwtAuthenticationFilter [doFilterInternal] token 값 유효성 체크 완료
[2026-08-11 15:10:52.672] [INFO ] [http-nio-80-exec-9] org.springdoc.api.AbstractOpenApiResource Init duration for springdoc-openapi is: 201 ms
[2026-08-11 15:15:15.442] [INFO ] [SpringApplicationShutdownHook] org.springframework.boot.web.embedded.tomcat.GracefulShutdown Commencing graceful shutdown. Waiting for active requests to complete
[2026-08-11 15:15:15.444] [INFO ] [tomcat-shutdown] org.springframework.boot.web.embedded.tomcat.GracefulShutdown Graceful shutdown complete
[2026-08-11 15:15:15.458] [INFO ] [SpringApplicationShutdownHook] org.springframework.orm.jpa.LocalContainerEntityManagerFactoryBean Closing JPA EntityManagerFactory for persistence unit 'default'
[2026-08-11 15:15:15.460] [INFO ] [SpringApplicationShutdownHook] com.zaxxer.hikari.HikariDataSource HikariPool-1 - Shutdown initiated...
[2026-08-11 15:15:15.469] [INFO ] [SpringApplicationShutdownHook] com.zaxxer.hikari.HikariDataSource HikariPool-1 - Shutdown completed.
[2026-08-11 15:15:20.878] [INFO ] [background-preinit] org.hibernate.validator.internal.util.Version HV000001: Hibernate Validator 8.0.3.Final
[2026-08-11 15:15:20.899] [INFO ] [restartedMain] com.medishare.api.MedishareBackApplication Starting MedishareBackApplication using Java 25.0.2 with PID 21884 (D:\2402180YJW\workspace\disaster\Medishare\medishare_back\target\classes started by User in D:\2402180YJW\workspace\disaster\Medishare\medishare_back)
[2026-08-11 15:15:20.900] [INFO ] [restartedMain] com.medishare.api.MedishareBackApplication No active profile set, falling back to 1 default profile: "default"
[2026-08-11 15:15:20.922] [INFO ] [restartedMain] org.springframework.boot.devtools.env.DevToolsPropertyDefaultsPostProcessor Devtools property defaults active! Set 'spring.devtools.add-properties' to 'false' to disable
[2026-08-11 15:15:20.922] [INFO ] [restartedMain] org.springframework.boot.devtools.env.DevToolsPropertyDefaultsPostProcessor For additional web related logging consider setting the 'logging.level.web' property to 'DEBUG'
[2026-08-11 15:15:21.465] [INFO ] [restartedMain] org.springframework.data.repository.config.RepositoryConfigurationDelegate Bootstrapping Spring Data JPA repositories in DEFAULT mode.
[2026-08-11 15:15:21.545] [INFO ] [restartedMain] org.springframework.data.repository.config.RepositoryConfigurationDelegate Finished Spring Data repository scanning in 75 ms. Found 5 JPA repository interfaces.
[2026-08-11 15:15:21.942] [INFO ] [restartedMain] org.springframework.boot.web.embedded.tomcat.TomcatWebServer Tomcat initialized with port 80 (http)
[2026-08-11 15:15:21.950] [INFO ] [restartedMain] org.apache.coyote.http11.Http11NioProtocol Initializing ProtocolHandler ["http-nio-80"]
[2026-08-11 15:15:21.951] [INFO ] [restartedMain] org.apache.catalina.core.StandardService Starting service [Tomcat]
[2026-08-11 15:15:21.951] [INFO ] [restartedMain] org.apache.catalina.core.StandardEngine Starting Servlet engine: [Apache Tomcat/10.1.55]
[2026-08-11 15:15:21.994] [INFO ] [restartedMain] org.apache.catalina.core.ContainerBase.[Tomcat].[localhost].[/] Initializing Spring embedded WebApplicationContext
[2026-08-11 15:15:21.995] [INFO ] [restartedMain] org.springframework.boot.web.servlet.context.ServletWebServerApplicationContext Root WebApplicationContext: initialization completed in 1073 ms
[2026-08-11 15:15:22.118] [INFO ] [restartedMain] org.hibernate.jpa.internal.util.LogHelper HHH000204: Processing PersistenceUnitInfo [name: default]
[2026-08-11 15:15:22.139] [INFO ] [restartedMain] org.hibernate.Version HHH000412: Hibernate ORM core version 6.6.53.Final
[2026-08-11 15:15:22.156] [INFO ] [restartedMain] org.hibernate.cache.internal.RegionFactoryInitiator HHH000026: Second-level cache disabled
[2026-08-11 15:15:22.285] [INFO ] [restartedMain] org.springframework.orm.jpa.persistenceunit.SpringPersistenceUnitInfo No LoadTimeWeaver setup: ignoring JPA class transformer
[2026-08-11 15:15:22.298] [INFO ] [restartedMain] com.zaxxer.hikari.HikariDataSource HikariPool-1 - Starting...
[2026-08-11 15:15:22.345] [INFO ] [restartedMain] com.zaxxer.hikari.pool.HikariPool HikariPool-1 - Added connection org.mariadb.jdbc.Connection@6a4f91d2
[2026-08-11 15:15:22.346] [INFO ] [restartedMain] com.zaxxer.hikari.HikariDataSource HikariPool-1 - Start completed.
[2026-08-11 15:15:22.380] [INFO ] [restartedMain] org.hibernate.orm.connections.pooling HHH10001005: Database info:
	Database JDBC URL [Connecting through datasource 'HikariDataSource (HikariPool-1)']
	Database driver: undefined/unknown
	Database version: 10.6.27
	Autocommit mode: undefined/unknown
	Isolation level: undefined/unknown
	Minimum pool size: undefined/unknown
	Maximum pool size: undefined/unknown
[2026-08-11 15:15:22.872] [INFO ] [restartedMain] org.hibernate.engine.transaction.jta.platform.internal.JtaPlatformInitiator HHH000489: No JTA platform available (set 'hibernate.transaction.jta.platform' to enable JTA platform integration)
[2026-08-11 15:15:22.873] [INFO ] [restartedMain] org.springframework.orm.jpa.LocalContainerEntityManagerFactoryBean Initialized JPA EntityManagerFactory for persistence unit 'default'
[2026-08-11 15:15:22.980] [INFO ] [restartedMain] com.medishare.api.config.security.JwtTokenProvider [init] JwtTokenProvider 내 secretKey 이용 key 초기화 시작
[2026-08-11 15:15:22.982] [INFO ] [restartedMain] com.medishare.api.config.security.JwtTokenProvider [init] JwtTokenProvider 내 secretKey 이용 key 초기화 초기화 완료
[2026-08-11 15:15:23.171] [INFO ] [restartedMain] org.springframework.data.jpa.repository.query.QueryEnhancerFactory Hibernate is in classpath; If applicable, HQL parser will be used.
[2026-08-11 15:15:23.447] [WARN ] [restartedMain] org.springframework.boot.autoconfigure.orm.jpa.JpaBaseConfiguration$JpaWebConfiguration spring.jpa.open-in-view is enabled by default. Therefore, database queries may be performed during view rendering. Explicitly configure spring.jpa.open-in-view to disable this warning
[2026-08-11 15:15:23.465] [WARN ] [restartedMain] org.springframework.boot.autoconfigure.security.servlet.UserDetailsServiceAutoConfiguration 

Using generated security password: 1f81ad2d-112c-42f4-a93e-3f42197b8359

This generated password is for development use only. Your security configuration must be updated before running your application in production.

[2026-08-11 15:15:23.468] [INFO ] [restartedMain] org.springframework.security.config.annotation.authentication.configuration.InitializeUserDetailsBeanManagerConfigurer$InitializeUserDetailsManagerConfigurer Global AuthenticationManager configured with UserDetailsService bean with name inMemoryUserDetailsManager
[2026-08-11 15:15:23.584] [INFO ] [restartedMain] com.medishare.api.config.WebConfig [addResourceHandlers] image URI 폴더 추가 ------
[2026-08-11 15:15:23.641] [INFO ] [restartedMain] org.springframework.boot.actuate.endpoint.web.EndpointLinksResolver Exposing 1 endpoint beneath base path '/actuator'
[2026-08-11 15:15:23.658] [WARN ] [restartedMain] org.springframework.security.config.annotation.web.configurers.AuthorizeHttpRequestsConfigurer$AuthorizationManagerRequestMatcherRegistry One of the patterns in [**exception**] is missing a leading slash. This is discouraged; please include the leading slash in all your request matcher patterns. In future versions of Spring Security, leaving out the leading slash will result in an exception.
[2026-08-11 15:15:23.880] [INFO ] [restartedMain] org.springframework.boot.devtools.autoconfigure.OptionalLiveReloadServer LiveReload server is running on port 35729
[2026-08-11 15:15:23.912] [INFO ] [restartedMain] org.apache.coyote.http11.Http11NioProtocol Starting ProtocolHandler ["http-nio-80"]
[2026-08-11 15:15:23.922] [INFO ] [restartedMain] org.springframework.boot.web.embedded.tomcat.TomcatWebServer Tomcat started on port 80 (http) with context path '/'
[2026-08-11 15:15:23.932] [INFO ] [restartedMain] com.medishare.api.MedishareBackApplication Started MedishareBackApplication in 3.307 seconds (process running for 3.666)
[2026-08-11 15:15:23.966] [WARN ] [restartedMain] org.springdoc.core.events.SpringDocAppInitializer SpringDoc /v3/api-docs endpoint is enabled by default. To disable it in production, set the property 'springdoc.api-docs.enabled=false'
[2026-08-11 15:15:23.966] [WARN ] [restartedMain] org.springdoc.core.events.SpringDocAppInitializer SpringDoc /swagger-ui.html endpoint is enabled by default. To disable it in production, set the property 'springdoc.swagger-ui.enabled=false'
[2026-08-11 15:15:24.013] [INFO ] [http-nio-80-exec-1] org.apache.catalina.core.ContainerBase.[Tomcat].[localhost].[/] Initializing Spring DispatcherServlet 'dispatcherServlet'
[2026-08-11 15:15:24.013] [INFO ] [http-nio-80-exec-1] org.springframework.web.servlet.DispatcherServlet Initializing Servlet 'dispatcherServlet'
[2026-08-11 15:15:24.014] [INFO ] [http-nio-80-exec-1] org.springframework.web.servlet.DispatcherServlet Completed initialization in 1 ms
[2026-08-11 15:15:24.031] [INFO ] [http-nio-80-exec-1] com.medishare.api.config.security.JwtTokenProvider [resolveToken] Http 헤더에서 Token 값을 추출
[2026-08-11 15:15:24.033] [INFO ] [http-nio-80-exec-1] com.medishare.api.config.security.JwtAuthenticationFilter [doFilterInternal] token 값 추출 완료. token : null
[2026-08-11 15:15:24.033] [INFO ] [http-nio-80-exec-1] com.medishare.api.config.security.JwtAuthenticationFilter [doFilterInternal] token 값 유효성 체크 시작
[2026-08-11 15:15:24.033] [INFO ] [http-nio-80-exec-1] com.medishare.api.config.security.JwtAuthenticationFilter [doFilterInternal] token 값 유효성 체크 완료
[2026-08-11 15:15:24.055] [INFO ] [http-nio-80-exec-4] com.medishare.api.config.security.JwtTokenProvider [resolveToken] Http 헤더에서 Token 값을 추출
[2026-08-11 15:15:24.055] [INFO ] [http-nio-80-exec-4] com.medishare.api.config.security.JwtAuthenticationFilter [doFilterInternal] token 값 추출 완료. token : null
[2026-08-11 15:15:24.055] [INFO ] [http-nio-80-exec-2] com.medishare.api.config.security.JwtTokenProvider [resolveToken] Http 헤더에서 Token 값을 추출
[2026-08-11 15:15:24.055] [INFO ] [http-nio-80-exec-4] com.medishare.api.config.security.JwtAuthenticationFilter [doFilterInternal] token 값 유효성 체크 시작
[2026-08-11 15:15:24.056] [INFO ] [http-nio-80-exec-2] com.medishare.api.config.security.JwtAuthenticationFilter [doFilterInternal] token 값 추출 완료. token : null
[2026-08-11 15:15:24.056] [INFO ] [http-nio-80-exec-2] com.medishare.api.config.security.JwtAuthenticationFilter [doFilterInternal] token 값 유효성 체크 시작
[2026-08-11 15:15:24.056] [INFO ] [http-nio-80-exec-4] com.medishare.api.config.security.JwtAuthenticationFilter [doFilterInternal] token 값 유효성 체크 완료
[2026-08-11 15:15:24.056] [INFO ] [http-nio-80-exec-2] com.medishare.api.config.security.JwtAuthenticationFilter [doFilterInternal] token 값 유효성 체크 완료
[2026-08-11 15:15:24.056] [INFO ] [http-nio-80-exec-5] com.medishare.api.config.security.JwtTokenProvider [resolveToken] Http 헤더에서 Token 값을 추출
[2026-08-11 15:15:24.056] [INFO ] [http-nio-80-exec-5] com.medishare.api.config.security.JwtAuthenticationFilter [doFilterInternal] token 값 추출 완료. token : null
[2026-08-11 15:15:24.056] [INFO ] [http-nio-80-exec-5] com.medishare.api.config.security.JwtAuthenticationFilter [doFilterInternal] token 값 유효성 체크 시작
[2026-08-11 15:15:24.056] [INFO ] [http-nio-80-exec-5] com.medishare.api.config.security.JwtAuthenticationFilter [doFilterInternal] token 값 유효성 체크 완료
[2026-08-11 15:15:24.056] [INFO ] [http-nio-80-exec-3] com.medishare.api.config.security.JwtTokenProvider [resolveToken] Http 헤더에서 Token 값을 추출
[2026-08-11 15:15:24.056] [INFO ] [http-nio-80-exec-3] com.medishare.api.config.security.JwtAuthenticationFilter [doFilterInternal] token 값 추출 완료. token : null
[2026-08-11 15:15:24.057] [INFO ] [http-nio-80-exec-3] com.medishare.api.config.security.JwtAuthenticationFilter [doFilterInternal] token 값 유효성 체크 시작
[2026-08-11 15:15:24.057] [INFO ] [http-nio-80-exec-3] com.medishare.api.config.security.JwtAuthenticationFilter [doFilterInternal] token 값 유효성 체크 완료
[2026-08-11 15:15:24.057] [INFO ] [http-nio-80-exec-7] com.medishare.api.config.security.JwtTokenProvider [resolveToken] Http 헤더에서 Token 값을 추출
[2026-08-11 15:15:24.057] [INFO ] [http-nio-80-exec-7] com.medishare.api.config.security.JwtAuthenticationFilter [doFilterInternal] token 값 추출 완료. token : null
[2026-08-11 15:15:24.058] [INFO ] [http-nio-80-exec-7] com.medishare.api.config.security.JwtAuthenticationFilter [doFilterInternal] token 값 유효성 체크 시작
[2026-08-11 15:15:24.058] [INFO ] [http-nio-80-exec-7] com.medishare.api.config.security.JwtAuthenticationFilter [doFilterInternal] token 값 유효성 체크 완료
[2026-08-11 15:15:24.116] [INFO ] [http-nio-80-exec-8] com.medishare.api.config.security.JwtTokenProvider [resolveToken] Http 헤더에서 Token 값을 추출
[2026-08-11 15:15:24.116] [INFO ] [http-nio-80-exec-8] com.medishare.api.config.security.JwtAuthenticationFilter [doFilterInternal] token 값 추출 완료. token : null
[2026-08-11 15:15:24.116] [INFO ] [http-nio-80-exec-8] com.medishare.api.config.security.JwtAuthenticationFilter [doFilterInternal] token 값 유효성 체크 시작
[2026-08-11 15:15:24.116] [INFO ] [http-nio-80-exec-8] com.medishare.api.config.security.JwtAuthenticationFilter [doFilterInternal] token 값 유효성 체크 완료
[2026-08-11 15:15:24.117] [INFO ] [http-nio-80-exec-6] com.medishare.api.config.security.JwtTokenProvider [resolveToken] Http 헤더에서 Token 값을 추출
[2026-08-11 15:15:24.117] [INFO ] [http-nio-80-exec-6] com.medishare.api.config.security.JwtAuthenticationFilter [doFilterInternal] token 값 추출 완료. token : null
[2026-08-11 15:15:24.117] [INFO ] [http-nio-80-exec-6] com.medishare.api.config.security.JwtAuthenticationFilter [doFilterInternal] token 값 유효성 체크 시작
[2026-08-11 15:15:24.117] [INFO ] [http-nio-80-exec-6] com.medishare.api.config.security.JwtAuthenticationFilter [doFilterInternal] token 값 유효성 체크 완료
[2026-08-11 15:15:24.152] [INFO ] [http-nio-80-exec-9] com.medishare.api.config.security.JwtTokenProvider [resolveToken] Http 헤더에서 Token 값을 추출
[2026-08-11 15:15:24.152] [INFO ] [http-nio-80-exec-9] com.medishare.api.config.security.JwtAuthenticationFilter [doFilterInternal] token 값 추출 완료. token : null
[2026-08-11 15:15:24.152] [INFO ] [http-nio-80-exec-9] com.medishare.api.config.security.JwtAuthenticationFilter [doFilterInternal] token 값 유효성 체크 시작
[2026-08-11 15:15:24.152] [INFO ] [http-nio-80-exec-9] com.medishare.api.config.security.JwtAuthenticationFilter [doFilterInternal] token 값 유효성 체크 완료
[2026-08-11 15:15:24.340] [INFO ] [http-nio-80-exec-9] org.springdoc.api.AbstractOpenApiResource Init duration for springdoc-openapi is: 179 ms
[2026-08-11 15:20:06.472] [INFO ] [http-nio-80-exec-3] com.medishare.api.config.security.JwtTokenProvider [resolveToken] Http 헤더에서 Token 값을 추출
[2026-08-11 15:20:06.473] [INFO ] [http-nio-80-exec-3] com.medishare.api.config.security.JwtAuthenticationFilter [doFilterInternal] token 값 추출 완료. token : null
[2026-08-11 15:20:06.473] [INFO ] [http-nio-80-exec-3] com.medishare.api.config.security.JwtAuthenticationFilter [doFilterInternal] token 값 유효성 체크 시작
[2026-08-11 15:20:06.473] [INFO ] [http-nio-80-exec-3] com.medishare.api.config.security.JwtAuthenticationFilter [doFilterInternal] token 값 유효성 체크 완료
[2026-08-11 15:20:06.486] [INFO ] [http-nio-80-exec-3] com.medishare.api.pacs.controller.PacsRestController [uploadDicom] fileName=1-007.dcm
[2026-08-11 15:20:06.487] [INFO ] [http-nio-80-exec-3] com.medishare.api.pacs.service.PacsServiceImpl [uploadDicom] DICOM 업로드 시작 - fileName=1-007.dcm
[2026-08-11 15:20:06.730] [INFO ] [http-nio-80-exec-3] com.medishare.api.pacs.service.PacsServiceImpl [uploadDicom] DICOM 업로드 완료 - result={ID=8da0b53b-2fc3b81e-6fcff07b-1b885d92-1d17a2ef, ParentPatient=98e1d3de-b182c097-7a323e45-9b75fe68-45bdea8a, ParentSeries=1ddda848-9c2a7f23-3f580cf0-ee14b84f-e8561c0f, ParentStudy=3d03892c-fe16a397-b54727fd-34224e15-421e37a7, Path=/instances/8da0b53b-2fc3b81e-6fcff07b-1b885d92-1d17a2ef, Status=Success}
[2026-08-11 15:20:46.085] [INFO ] [http-nio-80-exec-7] com.medishare.api.config.security.JwtTokenProvider [resolveToken] Http 헤더에서 Token 값을 추출
[2026-08-11 15:20:46.085] [INFO ] [http-nio-80-exec-7] com.medishare.api.config.security.JwtAuthenticationFilter [doFilterInternal] token 값 추출 완료. token : null
[2026-08-11 15:20:46.085] [INFO ] [http-nio-80-exec-7] com.medishare.api.config.security.JwtAuthenticationFilter [doFilterInternal] token 값 유효성 체크 시작
[2026-08-11 15:20:46.085] [INFO ] [http-nio-80-exec-7] com.medishare.api.config.security.JwtAuthenticationFilter [doFilterInternal] token 값 유효성 체크 완료
[2026-08-11 15:20:46.091] [INFO ] [http-nio-80-exec-7] com.medishare.api.pacs.controller.PacsRestController [uploadDicom] fileName=1-007.dcm
[2026-08-11 15:20:46.091] [INFO ] [http-nio-80-exec-7] com.medishare.api.pacs.service.PacsServiceImpl [uploadDicom] DICOM 업로드 시작 - fileName=1-007.dcm
[2026-08-11 15:20:46.127] [INFO ] [http-nio-80-exec-7] com.medishare.api.pacs.service.PacsServiceImpl [uploadDicom] DICOM 업로드 완료 - result={ID=8da0b53b-2fc3b81e-6fcff07b-1b885d92-1d17a2ef, ParentPatient=98e1d3de-b182c097-7a323e45-9b75fe68-45bdea8a, ParentSeries=1ddda848-9c2a7f23-3f580cf0-ee14b84f-e8561c0f, ParentStudy=3d03892c-fe16a397-b54727fd-34224e15-421e37a7, Path=/instances/8da0b53b-2fc3b81e-6fcff07b-1b885d92-1d17a2ef, Status=AlreadyStored}
